<html>
<body>
<pre>
<h1>µVision Build Log</h1>
<h2>Project:</h2>
C:\Users\MAHE\Desktop\MP_LAB_HK\exp7_1\exp7_1.uvproj
Project File Date:  09/23/2025

<h2>Output:</h2>
Build target 'Target 1'
assembling main.s...
linking...
.\exp7_1.sct(8): warning: L6314W: No section matches pattern *(InRoot$$Sections).
Program Size: Code=336 RO-data=0 RW-data=0 ZI-data=1160  
Finished: 0 information, 1 warning and 0 error messages.
FromELF: creating hex file...
".\exp7_1.axf" - 0 Error(s), 1 Warning(s).
</pre>
</body>
</html>
nd 1 error messages.
".\exp7_1.axf" - 1 Error(s), 1 Warning(s).
Target not created
or: A1163E: Unknown opcode IO1SET , expecting opcode or Macro
main.s(8): error: A1163E: Unknown opcode IO1DIR , expecting opcode or Macro
main.s(9): error: A1163E: Unknown opcode IO1CLR , expecting opcode or Macro
".\exp7_1.axf" - 8 Error(s), 0 Warning(s).
Target not created
