<html>
<body>
<pre>
<h1>µVision Build Log</h1>
<h2>Project:</h2>
C:\Users\MAHE\Desktop\MP_LAB_HK\exp3_1\exp3_1.uvproj
Project File Date:  08/19/2025

<h2>Output:</h2>
Build target 'Target 1'
assembling exp3_1.s...
linking...
Program Size: Code=76 RO-data=0 RW-data=4 ZI-data=0  
".\exp3_1.axf" - 0 Error(s), 0 Warning(s).
</pre>
</body>
</html>
(2): warning: A1088W: Faking declaration of area AREA |$$$$$$$|
exp3_1.s(3): error: A1136E: Entry address already set
exp3_1.s(13): error: A1114E: Expected register relative expression
".\exp3_1.axf" - 4 Error(s), 1 Warning(s).
Target not created
