ARM Linker, 5.03 [Build 76] [MDK-ARM Lite]

==============================================================================

Section Cross References

    exp2.o(PROGRAM1) refers to exp2.o(MEMORY) for R


==============================================================================

Image Symbol Table

    Local Symbols

    Symbol Name                              Value     Ov Type        Size  Object(Section)

    PROGRAM                                  0x00000000   Section       24  ex1.o(PROGRAM)
    ex1.s                                    0x00000000   Number         0  ex1.o ABSOLUTE
    exp2.s                                   0x00000000   Number         0  exp2.o ABSOLUTE
    PROGRAM1                                 0x00000018   Section       44  exp2.o(PROGRAM1)
    Q                                        0x00000034   Data           4  exp2.o(PROGRAM1)
    MEMORY                                   0x40000000   Section       22  exp2.o(MEMORY)
    R                                        0x40000004   Data           4  exp2.o(MEMORY)

    Global Symbols

    Symbol Name                              Value     Ov Type        Size  Object(Section)

    BuildAttributes$$THM_ISAv1$ARM_ISAv4$S$PE$A:L22$X:L11$S22$IEEE1$IW$USESV6$~STKCKD$USESV7$~SHL$OSPACE$EBA8$STANDARDLIB$PRES8$EABIv2 0x00000000   Number         0  anon$$obj.o ABSOLUTE



==============================================================================

Memory Map of the image

  Image Entry point : 0x00000000

  Load Region LR_1 (Base: 0x00000000, Size: 0x0000005c, Max: 0xffffffff, ABSOLUTE)

    Execution Region ER_RO (Base: 0x00000000, Size: 0x00000044, Max: 0xffffffff, ABSOLUTE)

    Base Addr    Size         Type   Attr      Idx    E Section Name        Object

    0x00000000   0x00000018   Code   RO            1  * PROGRAM             ex1.o
    0x00000018   0x0000002c   Code   RO            6  * PROGRAM1            exp2.o


    Execution Region ER_RW (Base: 0x40000000, Size: 0x00000018, Max: 0xffffffff, ABSOLUTE)

    Base Addr    Size         Type   Attr      Idx    E Section Name        Object

    0x40000000   0x00000016   Data   RW            7    MEMORY              exp2.o


    Execution Region ER_ZI (Base: 0x40000018, Size: 0x00000000, Max: 0xffffffff, ABSOLUTE)

    **** No section assigned to this execution region ****


==============================================================================

Image component sizes


      Code (inc. data)   RO Data    RW Data    ZI Data      Debug   Object Name

        24          0          0          0          0        192   ex1.o
        44         16          0         22          0        164   exp2.o

    ----------------------------------------------------------------------
        68         16          0         24          0        356   Object Totals
         0          0          0          0          0          0   (incl. Generated)
         0          0          0          2          0          0   (incl. Padding)

    ----------------------------------------------------------------------
         0          0          0          0          0          0   Library Totals
         0          0          0          0          0          0   (incl. Padding)

    ----------------------------------------------------------------------

==============================================================================


      Code (inc. data)   RO Data    RW Data    ZI Data      Debug   

        68         16          0         24          0        356   Grand Totals
        68         16          0         24          0        356   ELF Image Totals
        68         16          0         24          0          0   ROM Totals

==============================================================================

    Total RO  Size (Code + RO Data)                   68 (   0.07kB)
    Total RW  Size (RW Data + ZI Data)                24 (   0.02kB)
    Total ROM Size (Code + RO Data + RW Data)         92 (   0.09kB)

==============================================================================

