<html>
<body>
<pre>
<h1>µVision Build Log</h1>
<h2>Project:</h2>
C:\Users\MAHE\Desktop\MP_LAB_HK\lab2_1\lab2_1.uvproj
Project File Date:  07/29/2025

<h2>Output:</h2>
Build target 'Target 1'
assembling exp2.s...
linking...
Program Size: Code=68 RO-data=0 RW-data=24 ZI-data=0  
".\lab2_1.axf" - 0 Error(s), 0 Warning(s).
</pre>
</body>
</html>
 Macro
exp2.s(12): error: A1163E: Unknown opcode P , expecting opcode or Macro
exp2.s(14): error: A1163E: Unknown opcode AD1 , expecting opcode or Macro
exp2.s(15): error: A1163E: Unknown opcode NUM2 , expecting opcode or Macro
exp2.s(16): error: A1163E: Unknown opcode NUM3 , expecting opcode or Macro
exp2.s(20): error: A1163E: Unknown opcode VALU , expecting opcode or Macro
exp2.s(21): error: A1163E: Unknown opcode R , expecting opcode or Macro
exp2.s(22): error: A1163E: Unknown opcode T , expecting opcode or Macro
exp2.s(25): error: A1163E: Unknown opcode RES , expecting opcode or Macro
".\lab2_1.axf" - 10 Error(s), 0 Warning(s).
Target not created
: A1163E: Unknown opcode RES , expecting opcode or Macro
".\lab2_1.axf" - 13 Error(s), 0 Warning(s).
Target not created
