<html>
<body>
<pre>
<h1>µVision Build Log</h1>
<h2>Project:</h2>
C:\Users\MAHE\Desktop\MP_LAB_HK\exp7_2\exp7_2.uvproj
Project File Date:  09/23/2025

<h2>Output:</h2>
Build target 'Target 1'
assembling Startup.s...
assembling main.s...
linking...
.\exp7_2.sct(8): warning: L6314W: No section matches pattern *(InRoot$$Sections).
Program Size: Code=304 RO-data=0 RW-data=0 ZI-data=1160  
Finished: 0 information, 1 warning and 0 error messages.
FromELF: creating hex file...
".\exp7_2.axf" - 0 Error(s), 1 Warning(s).
</pre>
</body>
</html>
s), 1 Warning(s).
Target not created

Target not created
